/var/spool/slurmd/job17673/slurm_script: line 5: module: command not found
 Starting data at 2026-07-03 14:00:20

Loading raw price data from data/raw_data.parquet...
  Raw data fo loaded for 10 tickers, 3771 rows

Loading cached info from data/raw_info.parquet...
  Loaded info for 3685 tickers

============================================================
Building feature data
============================================================
    [1/10] TLF: 253 rows processed
    [2/10] HST: 253 rows processed
    [3/10] GORO: 253 rows processed
    [4/10] MVCO: 253 rows processed
    [5/10] PRGO: 253 rows processed
    [6/10] SELF: 253 rows processed
    [7/10] BBGI: 253 rows processed
    [8/10] H: 253 rows processed
    [9/10] BRCNF: 253 rows processed
    [10/10] DTE: 253 rows processed

============================================================
Building sector data
============================================================
    Unknown sector added.
    MARKET sector added.


============================================================
BUILD COMPLETE
============================================================
Output file: data/data.parquet
Total rows: 2,530
Unique tickers: 10
Date range: 2016-06-28 00:00:00 to 2021-06-30 00:00:00
Duration: 8.4 seconds
Memory usage: 1.9 MB
